
*** Running vivado
    with args -log decoder3x8.vds -m64 -product Vivado -mode batch -messageDb vivado.pb -notrace -source decoder3x8.tcl


****** Vivado v2025.2 (64-bit)
  **** SW Build 6299465 on Fri Nov 14 12:34:56 MST 2025
  **** IP Build 6300035 on Fri Nov 14 10:48:45 MST 2025
  **** SharedData Build 6298862 on Thu Nov 13 04:50:51 MST 2025
  **** Start of session at: Mon Sep 28 21:26:45 2026
    ** Copyright 1986-2022 Xilinx, Inc. All Rights Reserved.
    ** Copyright 2022-2025 Advanced Micro Devices, Inc. All Rights Reserved.

source decoder3x8.tcl -notrace
Command: synth_design -top decoder3x8 -part xc7s100fgga676-2
Starting synth_design
Attempting to get a license for feature 'Synthesis' and/or device 'xc7s100'
INFO: [Common 17-349] Got license for feature 'Synthesis' and/or device 'xc7s100'
INFO: [Synth 8-7079] Multithreading enabled for synth_design using a maximum of 7 processes.
INFO: [Synth 8-7078] Launching helper process for spawning children vivado processes
INFO: [Synth 8-7075] Helper process launched with PID 65179
---------------------------------------------------------------------------------
Starting Synthesize : Time (s): cpu = 00:00:05 ; elapsed = 00:00:05 . Memory (MB): peak = 2244.789 ; gain = 410.672 ; free physical = 176 ; free virtual = 14803
---------------------------------------------------------------------------------
INFO: [Synth 8-6157] synthesizing module 'decoder3x8' [/home/haricious/haricious/RTL/rtl-based-projects-phase-1/p1_projects/03_3x8_Decoder/vivado file/3x8decoder.srcs/sources_1/new/decoder3x8.v:4]
INFO: [Synth 8-226] default block is never used [/home/haricious/haricious/RTL/rtl-based-projects-phase-1/p1_projects/03_3x8_Decoder/vivado file/3x8decoder.srcs/sources_1/new/decoder3x8.v:12]
INFO: [Synth 8-6155] done synthesizing module 'decoder3x8' (0#1) [/home/haricious/haricious/RTL/rtl-based-projects-phase-1/p1_projects/03_3x8_Decoder/vivado file/3x8decoder.srcs/sources_1/new/decoder3x8.v:4]
---------------------------------------------------------------------------------
Finished Synthesize : Time (s): cpu = 00:00:06 ; elapsed = 00:00:07 . Memory (MB): peak = 2328.758 ; gain = 494.641 ; free physical = 162 ; free virtual = 14720
---------------------------------------------------------------------------------
---------------------------------------------------------------------------------
Finished Constraint Validation : Time (s): cpu = 00:00:07 ; elapsed = 00:00:07 . Memory (MB): peak = 2343.602 ; gain = 509.484 ; free physical = 157 ; free virtual = 14709
---------------------------------------------------------------------------------
---------------------------------------------------------------------------------
Start Loading Part and Timing Information
---------------------------------------------------------------------------------
Loading part: xc7s100fgga676-2
INFO: [Device 21-403] Loading part xc7s100fgga676-2
---------------------------------------------------------------------------------
Finished Loading Part and Timing Information : Time (s): cpu = 00:00:07 ; elapsed = 00:00:08 . Memory (MB): peak = 2343.602 ; gain = 509.484 ; free physical = 155 ; free virtual = 14707
---------------------------------------------------------------------------------
---------------------------------------------------------------------------------
Finished RTL Optimization Phase 2 : Time (s): cpu = 00:00:07 ; elapsed = 00:00:08 . Memory (MB): peak = 2352.508 ; gain = 518.391 ; free physical = 165 ; free virtual = 14702
---------------------------------------------------------------------------------
No constraint files found.
---------------------------------------------------------------------------------
Start RTL Component Statistics 
---------------------------------------------------------------------------------
Detailed RTL Component Info : 
+---Muxes : 
	   8 Input    8 Bit        Muxes := 1     
---------------------------------------------------------------------------------
Finished RTL Component Statistics 
---------------------------------------------------------------------------------
---------------------------------------------------------------------------------
Start Part Resource Summary
---------------------------------------------------------------------------------
Part Resources:
DSPs: 160 (col length:80)
BRAMs: 240 (col length: RAMB18 80 RAMB36 40)
---------------------------------------------------------------------------------
Finished Part Resource Summary
---------------------------------------------------------------------------------
No constraint files found.
---------------------------------------------------------------------------------
Start Cross Boundary and Area Optimization
---------------------------------------------------------------------------------
---------------------------------------------------------------------------------
Finished Cross Boundary and Area Optimization : Time (s): cpu = 00:00:11 ; elapsed = 00:00:11 . Memory (MB): peak = 2451.352 ; gain = 617.234 ; free physical = 228 ; free virtual = 14635
---------------------------------------------------------------------------------
No constraint files found.
---------------------------------------------------------------------------------
Start Timing Optimization
---------------------------------------------------------------------------------
---------------------------------------------------------------------------------
Finished Timing Optimization : Time (s): cpu = 00:00:11 ; elapsed = 00:00:11 . Memory (MB): peak = 2467.195 ; gain = 633.078 ; free physical = 213 ; free virtual = 14619
---------------------------------------------------------------------------------
---------------------------------------------------------------------------------
Start Technology Mapping
---------------------------------------------------------------------------------
---------------------------------------------------------------------------------
Finished Technology Mapping : Time (s): cpu = 00:00:11 ; elapsed = 00:00:11 . Memory (MB): peak = 2475.203 ; gain = 641.086 ; free physical = 203 ; free virtual = 14609
---------------------------------------------------------------------------------
---------------------------------------------------------------------------------
Start IO Insertion
---------------------------------------------------------------------------------
---------------------------------------------------------------------------------
Start Flattening Before IO Insertion
---------------------------------------------------------------------------------
---------------------------------------------------------------------------------
Finished Flattening Before IO Insertion
---------------------------------------------------------------------------------
---------------------------------------------------------------------------------
Start Final Netlist Cleanup
---------------------------------------------------------------------------------
---------------------------------------------------------------------------------
Finished Final Netlist Cleanup
---------------------------------------------------------------------------------
---------------------------------------------------------------------------------
Finished IO Insertion : Time (s): cpu = 00:00:15 ; elapsed = 00:00:15 . Memory (MB): peak = 2649.016 ; gain = 814.898 ; free physical = 178 ; free virtual = 14491
---------------------------------------------------------------------------------
---------------------------------------------------------------------------------
Start Renaming Generated Instances
---------------------------------------------------------------------------------
---------------------------------------------------------------------------------
Finished Renaming Generated Instances : Time (s): cpu = 00:00:15 ; elapsed = 00:00:15 . Memory (MB): peak = 2649.016 ; gain = 814.898 ; free physical = 178 ; free virtual = 14491
---------------------------------------------------------------------------------
---------------------------------------------------------------------------------
Start Rebuilding User Hierarchy
---------------------------------------------------------------------------------
---------------------------------------------------------------------------------
Finished Rebuilding User Hierarchy : Time (s): cpu = 00:00:15 ; elapsed = 00:00:15 . Memory (MB): peak = 2649.016 ; gain = 814.898 ; free physical = 178 ; free virtual = 14491
---------------------------------------------------------------------------------
---------------------------------------------------------------------------------
Start Renaming Generated Ports
---------------------------------------------------------------------------------
---------------------------------------------------------------------------------
Finished Renaming Generated Ports : Time (s): cpu = 00:00:15 ; elapsed = 00:00:15 . Memory (MB): peak = 2649.016 ; gain = 814.898 ; free physical = 178 ; free virtual = 14491
---------------------------------------------------------------------------------
---------------------------------------------------------------------------------
Start Handling Custom Attributes
---------------------------------------------------------------------------------
---------------------------------------------------------------------------------
Finished Handling Custom Attributes : Time (s): cpu = 00:00:15 ; elapsed = 00:00:15 . Memory (MB): peak = 2649.016 ; gain = 814.898 ; free physical = 178 ; free virtual = 14491
---------------------------------------------------------------------------------
---------------------------------------------------------------------------------
Start Renaming Generated Nets
---------------------------------------------------------------------------------
---------------------------------------------------------------------------------
Finished Renaming Generated Nets : Time (s): cpu = 00:00:15 ; elapsed = 00:00:15 . Memory (MB): peak = 2649.016 ; gain = 814.898 ; free physical = 178 ; free virtual = 14491
---------------------------------------------------------------------------------
---------------------------------------------------------------------------------
Start Writing Synthesis Report
---------------------------------------------------------------------------------

Report BlackBoxes: 
+-+--------------+----------+
| |BlackBox name |Instances |
+-+--------------+----------+
+-+--------------+----------+

Report Cell Usage: 
+------+-----+------+
|      |Cell |Count |
+------+-----+------+
|1     |LUT3 |     8|
|2     |IBUF |     3|
|3     |OBUF |     8|
+------+-----+------+

Report Instance Areas: 
+------+---------+-------+------+
|      |Instance |Module |Cells |
+------+---------+-------+------+
|1     |top      |       |    19|
+------+---------+-------+------+
---------------------------------------------------------------------------------
Finished Writing Synthesis Report : Time (s): cpu = 00:00:15 ; elapsed = 00:00:15 . Memory (MB): peak = 2649.016 ; gain = 814.898 ; free physical = 178 ; free virtual = 14491
---------------------------------------------------------------------------------
Synthesis finished with 0 errors, 0 critical warnings and 0 warnings.
Synthesis Optimization Runtime : Time (s): cpu = 00:00:15 ; elapsed = 00:00:15 . Memory (MB): peak = 2649.016 ; gain = 814.898 ; free physical = 178 ; free virtual = 14491
Synthesis Optimization Complete : Time (s): cpu = 00:00:15 ; elapsed = 00:00:15 . Memory (MB): peak = 2649.023 ; gain = 814.898 ; free physical = 178 ; free virtual = 14491
INFO: [Project 1-571] Translating synthesized netlist
Netlist sorting complete. Time (s): cpu = 00:00:00 ; elapsed = 00:00:00 . Memory (MB): peak = 2662.891 ; gain = 0.000 ; free physical = 189 ; free virtual = 14487
INFO: [Project 1-570] Preparing netlist for logic optimization
INFO: [Opt 31-138] Pushed 0 inverter(s) to 0 load pin(s).
Netlist sorting complete. Time (s): cpu = 00:00:00 ; elapsed = 00:00:00 . Memory (MB): peak = 2805.441 ; gain = 0.000 ; free physical = 194 ; free virtual = 14512
INFO: [Project 1-111] Unisim Transformation Summary:
No Unisim elements were transformed.

sh: line 1: /home/haricious/haricious/RTL/rtl-based-projects-phase-1/p1_projects/03_3x8_Decoder/vivado: Is a directory
Synth Design complete | Checksum: 35bed78f
INFO: [Common 17-83] Releasing license: Synthesis
13 Infos, 0 Warnings, 0 Critical Warnings and 0 Errors encountered.
synth_design completed successfully
synth_design: Time (s): cpu = 00:00:22 ; elapsed = 00:00:19 . Memory (MB): peak = 2805.477 ; gain = 971.359 ; free physical = 196 ; free virtual = 14515
INFO: [Common 17-2834] synth_design peak Physical Memory [PSS] (MB): overall = 1748.952; main = 1748.952; forked = 280.914
INFO: [Common 17-2834] synth_design peak Virtual Memory [VSS] (MB): overall = 4004.234; main = 2805.445; forked = 1633.910
Write ShapeDB Complete: Time (s): cpu = 00:00:00 ; elapsed = 00:00:00 . Memory (MB): peak = 2829.453 ; gain = 0.000 ; free physical = 196 ; free virtual = 14515
INFO: [Common 17-1381] The checkpoint '/home/haricious/haricious/RTL/rtl-based-projects-phase-1/p1_projects/03_3x8_Decoder/vivado file/3x8decoder.runs/synth_1/decoder3x8.dcp' has been generated.
INFO: [Vivado 12-24828] Executing command : report_utilization -file decoder3x8_utilization_synth.rpt -pb decoder3x8_utilization_synth.pb
INFO: [Common 17-206] Exiting Vivado at Mon Sep 28 21:27:09 2026...
